[0m12:35:25.120992 [debug] [MainThread]: Sending event: {'category': 'dbt', 'action': 'invocation', 'label': 'start', 'context': [<snowplow_tracker.self_describing_json.SelfDescribingJson object at 0x00000267BEBF94C0>, <snowplow_tracker.self_describing_json.SelfDescribingJson object at 0x00000267BE023620>, <snowplow_tracker.self_describing_json.SelfDescribingJson object at 0x00000267BE0B1280>]}


============================== 12:35:25.282700 | 0596d4cf-8021-45d8-b4cd-670dd5aaa189 ==============================
[0m12:35:25.282700 [info ] [MainThread]: Running with dbt=1.11.9
[0m12:35:25.292769 [debug] [MainThread]: running dbt with arguments {'version_check': 'True', 'no_print': 'None', 'static_parser': 'True', 'warn_error_options': 'WarnErrorOptionsV2(error=[], warn=[], silence=[])', 'target_path': 'None', 'printer_width': '80', 'write_json': 'True', 'introspect': 'True', 'log_cache_events': 'False', 'empty': 'None', 'cache_selected_only': 'False', 'log_format': 'default', 'debug': 'False', 'fail_fast': 'False', 'partial_parse': 'True', 'send_anonymous_usage_stats': 'True', 'quiet': 'False', 'warn_error': 'None', 'profiles_dir': 'C:\\Users\\Dwaraka Deepika vadd\\.dbt', 'use_colors': 'True', 'invocation_command': 'dbt init dbt_place_intel', 'indirect_selection': 'eager', 'use_experimental_parser': 'False', 'log_path': 'logs'}
[0m12:35:25.983543 [info ] [MainThread]: Creating dbt configuration folder at C:\Users\Dwaraka Deepika vadd\.dbt
[0m12:35:25.991590 [debug] [MainThread]: Starter project path: C:\Users\Dwaraka Deepika vadd\OneDrive\Desktop\ApplePlaces\Inspired-by-Apple-Maps-Usecase\place-intelligence-system\.venv\Lib\site-packages\dbt\include\starter_project
[0m12:35:26.052395 [info ] [MainThread]: 
Your new dbt project "dbt_place_intel" was created!

For more information on how to configure the profiles.yml file,
please consult the dbt documentation here:

  https://docs.getdbt.com/docs/configure-your-profile

One more thing:

Need help? Don't hesitate to reach out to us via GitHub issues or on Slack:

  https://community.getdbt.com/

Happy modeling!

[0m12:35:26.053407 [info ] [MainThread]: Setting up your profile.
[0m12:38:13.952543 [info ] [MainThread]: Profile dbt_place_intel written to C:\Users\Dwaraka Deepika vadd\.dbt\profiles.yml using target's profile_template.yml and your supplied values. Run 'dbt debug' to validate the connection.
[0m12:38:13.955490 [debug] [MainThread]: Command `dbt init` succeeded at 12:38:13.952543 after 169.00 seconds
[0m12:38:13.955490 [debug] [MainThread]: Sending event: {'category': 'dbt', 'action': 'invocation', 'label': 'end', 'context': [<snowplow_tracker.self_describing_json.SelfDescribingJson object at 0x00000267BFF8C620>, <snowplow_tracker.self_describing_json.SelfDescribingJson object at 0x00000267BFF4FDD0>, <snowplow_tracker.self_describing_json.SelfDescribingJson object at 0x00000267BFF4FDA0>]}
[0m12:38:13.955490 [debug] [MainThread]: Flushing usage events
[0m12:38:14.453374 [debug] [MainThread]: An error was encountered while trying to flush usage events
